[dotenv@17.2.2] injecting env (6) from .env -- tip: ⚙️  enable debug logging with { debug: true }
[dotenv@17.2.2] injecting env (0) from .env -- tip: ⚙️  write to custom object with { processEnv: myObject }
[dotenv@17.2.2] injecting env (0) from .env -- tip: 🔐 encrypt with Dotenvx: https://dotenvx.com
AFRi_ERC20 contract address: 0x405744eD98540f5C22c74B62b59e643B8b7A36Ba
[dotenv@17.2.2] injecting env (0) from .env -- tip: 🔐 prevent building .env in docker: https://dotenvx.com/prebuild
CONTRACT_ADDRESS_TRON is missing. Tron services will NOT work.
[dotenv@17.2.2] injecting env (0) from .env -- tip: ⚙️  override existing env vars with { override: true }
Africoin service listening on port 3000
JsonRpcProvider failed to detect network and cannot start up; retry in 1s (perhaps the URL is wrong or the node is not started)
Chainlink ETH price fetch failed, falling back to CoinGecko: server response 401 Unauthorized (request={  }, response={  }, error=null, info={ "requestUrl": "https://eth-mainnet.g.alchemy.com/v2/VMWQ8FFS7NDEAFW5QFFHMX41VRNINJNC95", "responseBody": "Must be authenticated!", "responseStatus": "401 Unauthorized" }, code=SERVER_ERROR, version=6.15.0)
JsonRpcProvider failed to detect network and cannot start up; retry in 1s (perhaps the URL is wrong or the node is not started)
JsonRpcProvider failed to detect network and cannot start up; retry in 1s (perhaps the URL is wrong or the node is not started)
JsonRpcProvider failed to detect network and cannot start up; retry in 1s (perhaps the URL is wrong or the node is not started)
JsonRpcProvider failed to detect network and cannot start up; retry in 1s (perhaps the URL is wrong or the node is not started)
JsonRpcProvider failed to detect network and cannot start up; retry in 1s (perhaps the URL is wrong or the node is not started)
JsonRpcProvider failed to detect network and cannot start up; retry in 1s (perhaps the URL is wrong or the node is not started)
JsonRpcProvider failed to detect network and cannot start up; retry in 1s (perhaps the URL is wrong or the node is not started)
JsonRpcProvider failed to detect network and cannot start up; retry in 1s (perhaps the URL is wrong or the node is not started)
JsonRpcProvider failed to detect network and cannot start up; retry in 1s (perhaps the URL is wrong or the node is not started)
JsonRpcProvider failed to detect network and cannot start up; retry in 1s (perhaps the URL is wrong or the node is not started)
JsonRpcProvider failed to detect network and cannot start up; retry in 1s (perhaps the URL is wrong or the node is not started)
JsonRpcProvider failed to detect network and cannot start up; retry in 1s (perhaps the URL is wrong or the node is not started)
JsonRpcProvider failed to detect network and cannot start up; retry in 1s (perhaps the URL is wrong or the node is not started)
JsonRpcProvider failed to detect network and cannot start up; retry in 1s (perhaps the URL is wrong or the node is not started)
